// Jest Snapshot v1, https://goo.gl/fbAQLP

exports[`HomePage Component expect to render HomePage component 1`] = `
<ContextProvider
  value={
    Object {
      "chartData": Array [
        Object {
          "hour": "12 a.m",
          "night": 8,
          "sun": 0,
          "tide": 2.9,
        },
        Object {
          "hour": "2 a.m",
          "night": 8,
          "sun": 0,
          "tide": 2.8,
        },
        Object {
          "hour": "4 a.m",
          "night": 8,
          "sun": 0,
          "tide": 2.5,
        },
        Object {
          "hour": "6 a.m",
          "night": 8,
          "sun": 0.001,
          "tide": 2,
        },
        Object {
          "hour": "8 a.m",
          "night": 0,
          "sun": 1.6,
          "tide": 1.5,
        },
        Object {
          "hour": "10 a.m",
          "night": 0,
          "sun": 3.4,
          "tide": 1,
        },
        Object {
          "hour": "12 p.m",
          "night": 0,
          "sun": 4.1,
          "tide": 0.7,
        },
        Object {
          "hour": "2 p.m",
          "night": 0,
          "sun": 3.4,
          "tide": 1,
        },
        Object {
          "hour": "4 p.m",
          "night": 0,
          "sun": 1.6,
          "tide": 1.5,
        },
        Object {
          "hour": "6 p.m",
          "night": 8,
          "sun": 0.001,
          "tide": 2,
        },
        Object {
          "hour": "8 p.m",
          "night": 8,
          "sun": 0,
          "tide": 2.5,
        },
        Object {
          "hour": "10 p.m",
          "night": 8,
          "sun": 0,
          "tide": 2.8,
        },
        Object {
          "hour": "12 a.m",
          "night": 8,
          "sun": 0,
          "tide": 2.9,
        },
        Object {
          "hour": "2 a.m",
          "night": 8,
          "sun": 0,
          "tide": 2.8,
        },
        Object {
          "hour": "4 a.m",
          "night": 8,
          "sun": 0,
          "tide": 2.5,
        },
        Object {
          "hour": "6 a.m",
          "night": 8,
          "sun": 0.001,
          "tide": 2,
        },
        Object {
          "hour": "8 a.m",
          "night": 0,
          "sun": 1.6,
          "tide": 1.5,
        },
        Object {
          "hour": "10 a.m",
          "night": 0,
          "sun": 3.4,
          "tide": 1,
        },
        Object {
          "hour": "12 p.m",
          "night": 0,
          "sun": 4.1,
          "tide": 0.7,
        },
        Object {
          "hour": "2 p.m",
          "night": 0,
          "sun": 3.4,
          "tide": 1,
        },
        Object {
          "hour": "4 p.m",
          "night": 0,
          "sun": 1.6,
          "tide": 1.5,
        },
        Object {
          "hour": "6 p.m",
          "night": 8,
          "sun": 0.001,
          "tide": 2,
        },
        Object {
          "hour": "8 p.m",
          "night": 8,
          "sun": 0,
          "tide": 2.5,
        },
        Object {
          "hour": "10 p.m",
          "night": 8,
          "sun": 0,
          "tide": 2.8,
        },
        Object {
          "hour": "12 a.m",
          "night": 8,
          "sun": 0,
          "tide": 2.9,
        },
        Object {
          "hour": "2 a.m",
          "night": 8,
          "sun": 0,
          "tide": 2.8,
        },
        Object {
          "hour": "4 a.m",
          "night": 8,
          "sun": 0,
          "tide": 2.5,
        },
        Object {
          "hour": "6 a.m",
          "night": 8,
          "sun": 0.001,
          "tide": 2,
        },
        Object {
          "hour": "8 a.m",
          "night": 0,
          "sun": 1.6,
          "tide": 1.5,
        },
        Object {
          "hour": "10 a.m",
          "night": 0,
          "sun": 3.4,
          "tide": 1,
        },
        Object {
          "hour": "12 p.m",
          "night": 0,
          "sun": 4.1,
          "tide": 0.7,
        },
        Object {
          "hour": "2 p.m",
          "night": 0,
          "sun": 3.4,
          "tide": 1,
        },
        Object {
          "hour": "4 p.m",
          "night": 0,
          "sun": 1.6,
          "tide": 1.5,
        },
        Object {
          "hour": "6 p.m",
          "night": 8,
          "sun": 0.001,
          "tide": 2,
        },
        Object {
          "hour": "8 p.m",
          "night": 8,
          "sun": 0,
          "tide": 2.5,
        },
        Object {
          "hour": "10 p.m",
          "night": 8,
          "sun": 0,
          "tide": 2.8,
        },
        Object {
          "hour": "12 a.m",
          "night": 8,
          "sun": 0,
          "tide": 2.9,
        },
      ],
      "city": Array [
        "Ho Chi Minh",
        "Vinh",
        "Singapore",
      ],
      "getWeatherInformation": [Function],
      "selectedCity": "Singapore",
      "setSelectedCity": [Function],
      "weather": undefined,
    }
  }
>
  <div
    className="container"
    data-testid="container"
  >
    <Summary />
    <ChartWeather />
  </div>
</ContextProvider>
`;
