// Jest Snapshot v1, https://goo.gl/fbAQLP

exports[`Summary Component test expect to render Summary component 1`] = `
Object {
  "asFragment": [Function],
  "baseElement": <body>
    <div>
      <div
        class="weather-sumary"
        role="summary"
      >
        <div
          class="header"
        >
          <div
            class="burger"
          >
            <span />
            <span />
            <span />
          </div>
          <div
            class="title"
          >
            <div
              role="myENV-test"
            >
              myENV
            </div>
            <div
              class="list-city"
            >
              <span
                class="city-name"
              >
                Singapore
              </span>
              <i
                class="fal fa-angle-down fa-lg"
              />
            </div>
            <div
              class="dropdown "
            >
              <div
                class="option"
              >
                Ho Chi Minh
              </div>
              <div
                class="option"
              >
                Vinh
              </div>
              <div
                class="option"
              >
                Singapore
              </div>
            </div>
          </div>
          <div>
            <i
              class="fas fa-bell fa-2x"
            />
          </div>
        </div>
        <div
          class="main"
        >
          <div
            class="state-icon"
          >
            <img
              alt="cloud-icon"
              src="http://openweathermap.org/img/wn/03n@2x.png"
            />
          </div>
          <div
            class="main-title"
          >
            <div
              class="state"
            >
              Clouds
            </div>
            <div
              class="detail"
            >
              <i
                class="fas fa-thermometer-half"
              />
              <span>
                28
                °C
              </span>
            </div>
          </div>
          <div
            class="detail"
          >
            <i
              class="far fa-tint"
            />
            <span>
              83
              %
            </span>
          </div>
        </div>
        <div
          class="weather-detail"
        >
          <div
            class="col-detail"
          >
            <div
              class="title-detail"
            >
               PSI
            </div>
            <div
              class="detail-value psi"
            >
              32
            </div>
            <div
              class="detail-state"
            >
              Good
            </div>
          </div>
          <div
            class="col-detail"
          >
            <div
              class="title-detail"
            >
               RAIN
            </div>
            <div
              class="detail-value"
            >
              0
            </div>
            <div
              class="detail-state"
            >
              mm
            </div>
          </div>
          <div
            class="col-detail"
          >
            <div
              class="title-detail"
            >
               DENGUE
            </div>
            <div
              class="circle-icon"
            />
          </div>
          <div
            class="col-detail"
          >
            <div
              class="add-icon"
            >
              <i
                class="far fa-plus-circle fa-2x"
              />
            </div>
            <div
              class="add-text"
            >
              Add
            </div>
          </div>
        </div>
      </div>
    </div>
  </body>,
  "container": <div>
    <div
      class="weather-sumary"
      role="summary"
    >
      <div
        class="header"
      >
        <div
          class="burger"
        >
          <span />
          <span />
          <span />
        </div>
        <div
          class="title"
        >
          <div
            role="myENV-test"
          >
            myENV
          </div>
          <div
            class="list-city"
          >
            <span
              class="city-name"
            >
              Singapore
            </span>
            <i
              class="fal fa-angle-down fa-lg"
            />
          </div>
          <div
            class="dropdown "
          >
            <div
              class="option"
            >
              Ho Chi Minh
            </div>
            <div
              class="option"
            >
              Vinh
            </div>
            <div
              class="option"
            >
              Singapore
            </div>
          </div>
        </div>
        <div>
          <i
            class="fas fa-bell fa-2x"
          />
        </div>
      </div>
      <div
        class="main"
      >
        <div
          class="state-icon"
        >
          <img
            alt="cloud-icon"
            src="http://openweathermap.org/img/wn/03n@2x.png"
          />
        </div>
        <div
          class="main-title"
        >
          <div
            class="state"
          >
            Clouds
          </div>
          <div
            class="detail"
          >
            <i
              class="fas fa-thermometer-half"
            />
            <span>
              28
              °C
            </span>
          </div>
        </div>
        <div
          class="detail"
        >
          <i
            class="far fa-tint"
          />
          <span>
            83
            %
          </span>
        </div>
      </div>
      <div
        class="weather-detail"
      >
        <div
          class="col-detail"
        >
          <div
            class="title-detail"
          >
             PSI
          </div>
          <div
            class="detail-value psi"
          >
            32
          </div>
          <div
            class="detail-state"
          >
            Good
          </div>
        </div>
        <div
          class="col-detail"
        >
          <div
            class="title-detail"
          >
             RAIN
          </div>
          <div
            class="detail-value"
          >
            0
          </div>
          <div
            class="detail-state"
          >
            mm
          </div>
        </div>
        <div
          class="col-detail"
        >
          <div
            class="title-detail"
          >
             DENGUE
          </div>
          <div
            class="circle-icon"
          />
        </div>
        <div
          class="col-detail"
        >
          <div
            class="add-icon"
          >
            <i
              class="far fa-plus-circle fa-2x"
            />
          </div>
          <div
            class="add-text"
          >
            Add
          </div>
        </div>
      </div>
    </div>
  </div>,
  "debug": [Function],
  "findAllByAltText": [Function],
  "findAllByDisplayValue": [Function],
  "findAllByLabelText": [Function],
  "findAllByPlaceholderText": [Function],
  "findAllByRole": [Function],
  "findAllByTestId": [Function],
  "findAllByText": [Function],
  "findAllByTitle": [Function],
  "findByAltText": [Function],
  "findByDisplayValue": [Function],
  "findByLabelText": [Function],
  "findByPlaceholderText": [Function],
  "findByRole": [Function],
  "findByTestId": [Function],
  "findByText": [Function],
  "findByTitle": [Function],
  "getAllByAltText": [Function],
  "getAllByDisplayValue": [Function],
  "getAllByLabelText": [Function],
  "getAllByPlaceholderText": [Function],
  "getAllByRole": [Function],
  "getAllByTestId": [Function],
  "getAllByText": [Function],
  "getAllByTitle": [Function],
  "getByAltText": [Function],
  "getByDisplayValue": [Function],
  "getByLabelText": [Function],
  "getByPlaceholderText": [Function],
  "getByRole": [Function],
  "getByTestId": [Function],
  "getByText": [Function],
  "getByTitle": [Function],
  "queryAllByAltText": [Function],
  "queryAllByDisplayValue": [Function],
  "queryAllByLabelText": [Function],
  "queryAllByPlaceholderText": [Function],
  "queryAllByRole": [Function],
  "queryAllByTestId": [Function],
  "queryAllByText": [Function],
  "queryAllByTitle": [Function],
  "queryByAltText": [Function],
  "queryByDisplayValue": [Function],
  "queryByLabelText": [Function],
  "queryByPlaceholderText": [Function],
  "queryByRole": [Function],
  "queryByTestId": [Function],
  "queryByText": [Function],
  "queryByTitle": [Function],
  "rerender": [Function],
  "unmount": [Function],
}
`;
